// Jest Snapshot v1, https://goo.gl/fbAQLP

exports[`renders correctly 1`] = `
<div
  className="root"
>
  <h1>
    Number to words converter
  </h1>
  something
</div>
`;
